[
  {
    "pid": -1,
    "command": "process1",
    "owner": "user"
  },
  {
    "pid": -2,
    "command": "process2",
    "owner": "root"
  }
]
