{
  "pid": -1,
  "command": "process1",
  "owner": "root"
}